.\venv\Scripts\python
.exe : Creating test 
database for alias 
'default'...
At line:1 char:1
+ .\venv\Scripts\pyth
on.exe manage.py 
test > 
test_output.txt 2>&1
+ ~~~~~~~~~~~~~~~~~~~
~~~~~~~~~~~~~~~~~~~~~
~~~~~~~~~~~~~~~~~~~~~
~~
    + CategoryInfo   
           : NotSpe  
  cified: (Creatin   
 g test d...as 'd    
efault'...:Strin    
g) [], RemoteExc    
eption
    + FullyQualified 
   ErrorId : Native  
  CommandError
 

EEEEEEEE
=====================
=====================
=====================
=======
ERROR: test_membershi
p_activation (account
s.tests.ActivationTes
ts.test_membership_ac
tivation)
---------------------
---------------------
---------------------
-------
Traceback (most 
recent call last):
  File "D:\projects\s
eedvest\seedvest-back
end\accounts\tests.py
", line 86, in setUp
    self.admin = User
.objects.create_user(
                 ^^^^
^^^^^^^^^^^^^^^^^^^^^
  File "D:\projects\s
eedvest\seedvest-back
end\venv\Lib\site-pac
kages\django\contrib\
auth\models.py", 
line 175, in 
create_user
    return self._crea
te_user(username, 
email, password, 
**extra_fields)
           ^^^^^^^^^^
^^^^^^^^^^^^^^^^^^^^^
^^^^^^^^^^^^^^^^^^^^^
^^^^^^^^
  File "D:\projects\s
eedvest\seedvest-back
end\venv\Lib\site-pac
kages\django\contrib\
auth\models.py", 
line 162, in 
_create_user
    user = self._crea
te_user_object(userna
me, email, password, 
**extra_fields)
           ^^^^^^^^^^
^^^^^^^^^^^^^^^^^^^^^
^^^^^^^^^^^^^^^^^^^^^
^^^^^^^^^^^^^^^
  File "D:\projects\s
eedvest\seedvest-back
end\venv\Lib\site-pac
kages\django\contrib\
auth\models.py", 
line 154, in 
_create_user_object
    user = self.model
(username=username, 
email=email, 
**extra_fields)
           ^^^^^^^^^^
^^^^^^^^^^^^^^^^^^^^^
^^^^^^^^^^^^^^^^^^^^^
^^^^^^
  File "D:\projects\s
eedvest\seedvest-back
end\venv\Lib\site-pac
kages\django\db\model
s\base.py", line 
569, in __init__
    raise TypeError(
TypeError: User() 
got unexpected 
keyword arguments: 
'username'

=====================
=====================
=====================
=======
ERROR: test_admin_can
_approve_user (accoun
ts.tests.ApprovalTest
s.test_admin_can_appr
ove_user)
---------------------
---------------------
---------------------
-------
Traceback (most 
recent call last):
  File "D:\projects\s
eedvest\seedvest-back
end\accounts\tests.py
", line 53, in setUp
    self.admin = User
.objects.create_user(
                 ^^^^
^^^^^^^^^^^^^^^^^^^^^
  File "D:\projects\s
eedvest\seedvest-back
end\venv\Lib\site-pac
kages\django\contrib\
auth\models.py", 
line 175, in 
create_user
    return self._crea
te_user(username, 
email, password, 
**extra_fields)
           ^^^^^^^^^^
^^^^^^^^^^^^^^^^^^^^^
^^^^^^^^^^^^^^^^^^^^^
^^^^^^^^
  File "D:\projects\s
eedvest\seedvest-back
end\venv\Lib\site-pac
kages\django\contrib\
auth\models.py", 
line 162, in 
_create_user
    user = self._crea
te_user_object(userna
me, email, password, 
**extra_fields)
           ^^^^^^^^^^
^^^^^^^^^^^^^^^^^^^^^
^^^^^^^^^^^^^^^^^^^^^
^^^^^^^^^^^^^^^
  File "D:\projects\s
eedvest\seedvest-back
end\venv\Lib\site-pac
kages\django\contrib\
auth\models.py", 
line 154, in 
_create_user_object
    user = self.model
(username=username, 
email=email, 
**extra_fields)
           ^^^^^^^^^^
^^^^^^^^^^^^^^^^^^^^^
^^^^^^^^^^^^^^^^^^^^^
^^^^^^
  File "D:\projects\s
eedvest\seedvest-back
end\venv\Lib\site-pac
kages\django\db\model
s\base.py", line 
569, in __init__
    raise TypeError(
TypeError: User() 
got unexpected 
keyword arguments: 
'username'

=====================
=====================
=====================
=======
ERROR: test_login_fai
ls_if_not_approved (a
ccounts.tests.LoginRe
strictionTests.test_l
ogin_fails_if_not_app
roved)
---------------------
---------------------
---------------------
-------
Traceback (most 
recent call last):
  File "D:\projects\s
eedvest\seedvest-back
end\accounts\tests.py
", line 36, in test_l
ogin_fails_if_not_app
roved
    User.objects.crea
te_user(
  File "D:\projects\s
eedvest\seedvest-back
end\venv\Lib\site-pac
kages\django\contrib\
auth\models.py", 
line 175, in 
create_user
    return self._crea
te_user(username, 
email, password, 
**extra_fields)
           ^^^^^^^^^^
^^^^^^^^^^^^^^^^^^^^^
^^^^^^^^^^^^^^^^^^^^^
^^^^^^^^
  File "D:\projects\s
eedvest\seedvest-back
end\venv\Lib\site-pac
kages\django\contrib\
auth\models.py", 
line 162, in 
_create_user
    user = self._crea
te_user_object(userna
me, email, password, 
**extra_fields)
           ^^^^^^^^^^
^^^^^^^^^^^^^^^^^^^^^
^^^^^^^^^^^^^^^^^^^^^
^^^^^^^^^^^^^^^
  File "D:\projects\s
eedvest\seedvest-back
end\venv\Lib\site-pac
kages\django\contrib\
auth\models.py", 
line 154, in 
_create_user_object
    user = self.model
(username=username, 
email=email, 
**extra_fields)
           ^^^^^^^^^^
^^^^^^^^^^^^^^^^^^^^^
^^^^^^^^^^^^^^^^^^^^^
^^^^^^
  File "D:\projects\s
eedvest\seedvest-back
end\venv\Lib\site-pac
kages\django\db\model
s\base.py", line 
569, in __init__
    raise TypeError(
TypeError: User() 
got unexpected 
keyword arguments: 
'username'

=====================
=====================
=====================
=======
ERROR: 
test_user_can_logout 
(accounts.tests.Logou
tTests.test_user_can_
logout)
---------------------
---------------------
---------------------
-------
Traceback (most 
recent call last):
  File "D:\projects\s
eedvest\seedvest-back
end\accounts\tests.py
", line 195, in setUp
    self.user = User.
objects.create_user(
                ^^^^^
^^^^^^^^^^^^^^^^^^^^
  File "D:\projects\s
eedvest\seedvest-back
end\venv\Lib\site-pac
kages\django\contrib\
auth\models.py", 
line 175, in 
create_user
    return self._crea
te_user(username, 
email, password, 
**extra_fields)
           ^^^^^^^^^^
^^^^^^^^^^^^^^^^^^^^^
^^^^^^^^^^^^^^^^^^^^^
^^^^^^^^
  File "D:\projects\s
eedvest\seedvest-back
end\venv\Lib\site-pac
kages\django\contrib\
auth\models.py", 
line 162, in 
_create_user
    user = self._crea
te_user_object(userna
me, email, password, 
**extra_fields)
           ^^^^^^^^^^
^^^^^^^^^^^^^^^^^^^^^
^^^^^^^^^^^^^^^^^^^^^
^^^^^^^^^^^^^^^
  File "D:\projects\s
eedvest\seedvest-back
end\venv\Lib\site-pac
kages\django\contrib\
auth\models.py", 
line 154, in 
_create_user_object
    user = self.model
(username=username, 
email=email, 
**extra_fields)
           ^^^^^^^^^^
^^^^^^^^^^^^^^^^^^^^^
^^^^^^^^^^^^^^^^^^^^^
^^^^^^
  File "D:\projects\s
eedvest\seedvest-back
end\venv\Lib\site-pac
kages\django\db\model
s\base.py", line 
569, in __init__
    raise TypeError(
TypeError: User() 
got unexpected 
keyword arguments: 
'username'

=====================
=====================
=====================
=======
ERROR: test_admin_can
_view_pending_users (
accounts.tests.Pendin
gUsersTests.test_admi
n_can_view_pending_us
ers)
---------------------
---------------------
---------------------
-------
Traceback (most 
recent call last):
  File "D:\projects\s
eedvest\seedvest-back
end\accounts\tests.py
", line 144, in setUp
    self.admin = User
.objects.create_user(
                 ^^^^
^^^^^^^^^^^^^^^^^^^^^
  File "D:\projects\s
eedvest\seedvest-back
end\venv\Lib\site-pac
kages\django\contrib\
auth\models.py", 
line 175, in 
create_user
    return self._crea
te_user(username, 
email, password, 
**extra_fields)
           ^^^^^^^^^^
^^^^^^^^^^^^^^^^^^^^^
^^^^^^^^^^^^^^^^^^^^^
^^^^^^^^
  File "D:\projects\s
eedvest\seedvest-back
end\venv\Lib\site-pac
kages\django\contrib\
auth\models.py", 
line 162, in 
_create_user
    user = self._crea
te_user_object(userna
me, email, password, 
**extra_fields)
           ^^^^^^^^^^
^^^^^^^^^^^^^^^^^^^^^
^^^^^^^^^^^^^^^^^^^^^
^^^^^^^^^^^^^^^
  File "D:\projects\s
eedvest\seedvest-back
end\venv\Lib\site-pac
kages\django\contrib\
auth\models.py", 
line 154, in 
_create_user_object
    user = self.model
(username=username, 
email=email, 
**extra_fields)
           ^^^^^^^^^^
^^^^^^^^^^^^^^^^^^^^^
^^^^^^^^^^^^^^^^^^^^^
^^^^^^
  File "D:\projects\s
eedvest\seedvest-back
end\venv\Lib\site-pac
kages\django\db\model
s\base.py", line 
569, in __init__
    raise TypeError(
TypeError: User() 
got unexpected 
keyword arguments: 
'username'

=====================
=====================
=====================
=======
ERROR: test_member_ca
nnot_view_pending_use
rs (accounts.tests.Pe
rmissionTests.test_me
mber_cannot_view_pend
ing_users)
---------------------
---------------------
---------------------
-------
Traceback (most 
recent call last):
  File "D:\projects\s
eedvest\seedvest-back
end\accounts\tests.py
", line 174, in test_
member_cannot_view_pe
nding_users
    member = User.obj
ects.create_user(
             ^^^^^^^^
^^^^^^^^^^^^^^^^^
  File "D:\projects\s
eedvest\seedvest-back
end\venv\Lib\site-pac
kages\django\contrib\
auth\models.py", 
line 175, in 
create_user
    return self._crea
te_user(username, 
email, password, 
**extra_fields)
           ^^^^^^^^^^
^^^^^^^^^^^^^^^^^^^^^
^^^^^^^^^^^^^^^^^^^^^
^^^^^^^^
  File "D:\projects\s
eedvest\seedvest-back
end\venv\Lib\site-pac
kages\django\contrib\
auth\models.py", 
line 162, in 
_create_user
    user = self._crea
te_user_object(userna
me, email, password, 
**extra_fields)
           ^^^^^^^^^^
^^^^^^^^^^^^^^^^^^^^^
^^^^^^^^^^^^^^^^^^^^^
^^^^^^^^^^^^^^^
  File "D:\projects\s
eedvest\seedvest-back
end\venv\Lib\site-pac
kages\django\contrib\
auth\models.py", 
line 154, in 
_create_user_object
    user = self.model
(username=username, 
email=email, 
**extra_fields)
           ^^^^^^^^^^
^^^^^^^^^^^^^^^^^^^^^
^^^^^^^^^^^^^^^^^^^^^
^^^^^^
  File "D:\projects\s
eedvest\seedvest-back
end\venv\Lib\site-pac
kages\django\db\model
s\base.py", line 
569, in __init__
    raise TypeError(
TypeError: User() 
got unexpected 
keyword arguments: 
'username'

=====================
=====================
=====================
=======
ERROR: test_user_regi
stration_creates_unap
proved_user (accounts
.tests.RegistrationTe
sts.test_user_registr
ation_creates_unappro
ved_user)
---------------------
---------------------
---------------------
-------
Traceback (most 
recent call last):
  File "D:\projects\s
eedvest\seedvest-back
end\accounts\tests.py
", line 25, in test_u
ser_registration_crea
tes_unapproved_user
    user = User.objec
ts.get(username="memb
er1")
           ^^^^^^^^^^
^^^^^^^^^^^^^^^^^^^^^
^^^^^
  File "D:\projects\s
eedvest\seedvest-back
end\venv\Lib\site-pac
kages\django\db\model
s\manager.py", line 
87, in manager_method
    return getattr(se
lf.get_queryset(), 
name)(*args, 
**kwargs)
           ^^^^^^^^^^
^^^^^^^^^^^^^^^^^^^^^
^^^^^^^^^^^^^^^^^^^^
  File "D:\projects\s
eedvest\seedvest-back
end\venv\Lib\site-pac
kages\django\db\model
s\query.py", line 
621, in get
    clone = 
self._chain() if self
.query.combinator 
else 
self.filter(*args, 
**kwargs)
                     
                     
              ^^^^^^^
^^^^^^^^^^^^^^^^^^^^^
  File "D:\projects\s
eedvest\seedvest-back
end\venv\Lib\site-pac
kages\django\db\model
s\query.py", line 
1495, in filter
Found 8 test(s).
System check identified no issues (0 silenced).
    return self._filt
er_or_exclude(False, 
args, kwargs)
           ^^^^^^^^^^
^^^^^^^^^^^^^^^^^^^^^
^^^^^^^^^^^^^
  File "D:\projects\s
eedvest\seedvest-back
end\venv\Lib\site-pac
kages\django\db\model
s\query.py", line 
1513, in 
_filter_or_exclude
    clone._filter_or_
exclude_inplace(negat
e, args, kwargs)
  File "D:\projects\s
eedvest\seedvest-back
end\venv\Lib\site-pac
kages\django\db\model
s\query.py", line 
1523, in _filter_or_e
xclude_inplace
    self._query.add_q
(Q(*args, **kwargs))
  File "D:\projects\s
eedvest\seedvest-back
end\venv\Lib\site-pac
kages\django\db\model
s\sql\query.py", 
line 1646, in add_q
    clause, _ = self.
_add_q(q_object, 
can_reuse)
                ^^^^^
^^^^^^^^^^^^^^^^^^^^^
^^^^^^
  File "D:\projects\s
eedvest\seedvest-back
end\venv\Lib\site-pac
kages\django\db\model
s\sql\query.py", 
line 1678, in _add_q
    child_clause, 
needed_inner = 
self.build_filter(
                     
            
^^^^^^^^^^^^^^^^^^
  File "D:\projects\s
eedvest\seedvest-back
end\venv\Lib\site-pac
kages\django\db\model
s\sql\query.py", 
line 1526, in 
build_filter
    lookups, parts, 
reffed_expression = s
elf.solve_lookup_type
(arg, summarize)
                     
                   ^^
^^^^^^^^^^^^^^^^^^^^^
^^^^^^^^^^^^^^^
  File "D:\projects\s
eedvest\seedvest-back
end\venv\Lib\site-pac
kages\django\db\model
s\sql\query.py", 
line 1333, in 
solve_lookup_type
    _, field, _, 
lookup_parts = self.n
ames_to_path(lookup_s
plitted, 
self.get_meta())
                     
           ^^^^^^^^^^
^^^^^^^^^^^^^^^^^^^^^
^^^^^^^^^^^^^^^^^^^^^
  File "D:\projects\s
eedvest\seedvest-back
end\venv\Lib\site-pac
kages\django\db\model
s\sql\query.py", 
line 1806, in 
names_to_path
    raise FieldError(
django.core.exception
s.FieldError: Cannot 
resolve keyword 
'username' into 
field. Choices are: 
actions_performed, 
audit_entries, 
date_joined, email, f
inance_contributions,
 first_name, groups, 
id, is_active, 
is_approved, 
is_staff, 
is_superuser, 
last_login, 
last_name, logentry, 
managed_groups, 
membership, 
membership_number, 
outstandingtoken, 
password, 
penalties_applied, 
role, 
user_permissions

=====================
=====================
=====================
=======
ERROR: test_login_suc
cess_after_activation
 (accounts.tests.Succ
essfulLoginTests.test
_login_success_after_
activation)
---------------------
---------------------
---------------------
-------
Traceback (most 
recent call last):
  File "D:\projects\s
eedvest\seedvest-back
end\accounts\tests.py
", line 120, in setUp
    self.user = User.
objects.create_user(
                ^^^^^
^^^^^^^^^^^^^^^^^^^^
  File "D:\projects\s
eedvest\seedvest-back
end\venv\Lib\site-pac
kages\django\contrib\
auth\models.py", 
line 175, in 
create_user
    return self._crea
te_user(username, 
email, password, 
**extra_fields)
           ^^^^^^^^^^
^^^^^^^^^^^^^^^^^^^^^
^^^^^^^^^^^^^^^^^^^^^
^^^^^^^^
  File "D:\projects\s
eedvest\seedvest-back
end\venv\Lib\site-pac
kages\django\contrib\
auth\models.py", 
line 162, in 
_create_user
    user = self._crea
te_user_object(userna
me, email, password, 
**extra_fields)
           ^^^^^^^^^^
^^^^^^^^^^^^^^^^^^^^^
^^^^^^^^^^^^^^^^^^^^^
^^^^^^^^^^^^^^^
  File "D:\projects\s
eedvest\seedvest-back
end\venv\Lib\site-pac
kages\django\contrib\
auth\models.py", 
line 154, in 
_create_user_object
    user = self.model
(username=username, 
email=email, 
**extra_fields)
           ^^^^^^^^^^
^^^^^^^^^^^^^^^^^^^^^
^^^^^^^^^^^^^^^^^^^^^
^^^^^^
  File "D:\projects\s
eedvest\seedvest-back
end\venv\Lib\site-pac
kages\django\db\model
s\base.py", line 
569, in __init__
    raise TypeError(
TypeError: User() 
got unexpected 
keyword arguments: 
'username'

---------------------
---------------------
---------------------
-------
Ran 8 tests in 0.271s

FAILED (errors=8)
Destroying test 
database for alias 
'default'...

